// Jest Snapshot v1, https://goo.gl/fbAQLP

exports[`HeaderProfile component: Should render 1`] = `
<Icon
  allowFontScaling={false}
  name="ios-person"
  onPress={[Function]}
  size={12}
  style={
    Object {
      "color": "grey",
      "fontSize": 30,
      "paddingLeft": 10,
    }
  }
/>
`;
