// Jest Snapshot v1, https://goo.gl/fbAQLP

exports[`AddFlock component: Should render 1`] = `
<AddFlockRenderer
  error=""
  handleAddFlock={[Function]}
  handleChangeText={[Function]}
  name=""
  userId="user1"
/>
`;
