// Jest Snapshot v1, https://goo.gl/fbAQLP

exports[`JoinFlock component: Should render 1`] = `
<JoinFlockRenderer
  error={null}
  handleChangeText={[Function]}
  handleJoinFlock={[Function]}
  touched={false}
  userId="user1"
  value=""
/>
`;
