// Jest Snapshot v1, https://goo.gl/fbAQLP

exports[`SignIn component: Should render 1`] = `
<SignInRenderer
  email=""
  error=""
  handleChangeText={[Function]}
  handleSignIn={[Function]}
  password=""
/>
`;
