// Jest Snapshot v1, https://goo.gl/fbAQLP

exports[`Splash component: Should render correctly 1`] = `
<Component
  style={
    Object {
      "alignItems": "center",
      "flex": 1,
      "justifyContent": "center",
    }
  }
>
  <Component
    size="large"
  />
</Component>
`;
