// Jest Snapshot v1, https://goo.gl/fbAQLP

exports[`FlockSelector component: Should render 1`] = `
<FlockSelectorRenderer
  currentFlockId="flock1"
  flocks={
    Object {
      "flock1": Object {
        "name": "Test Flock 1",
        "ownedBy": "user1",
      },
      "flock2": Object {
        "name": "Test Flock 2",
        "ownedBy": "user1",
      },
    }
  }
  handleDeleteFlock={[Function]}
  handleSelectFlock={[Function]}
  handleUnlinkFlock={[Function]}
  userId="user1"
/>
`;
